Drill report for PyKey60.kicad_pcb
Created on 9/11/2022 10:08:22 PM

Copper Layer Stackup:
    =============================================================
    L1 :  Front                     front
    L2 :  Back                      back


Drill file 'PyKey60-PTH.drl' contains
    plated through holes:
    =============================================================
    T1  0.305mm  0.0120"  (353 holes)
    T2  0.350mm  0.0138"  (9 holes)
    T3  0.600mm  0.0236"  (4 holes)  (with 4 slots)
    T4  1.000mm  0.0394"  (13 holes)
    T5  2.499mm  0.0984"  (3 holes)  (with 2 slots)

    Total plated holes count 382


Drill file 'PyKey60-NPTH.drl' contains
    unplated through holes:
    =============================================================
    T1  0.650mm  0.0256"  (2 holes)
    T2  0.900mm  0.0354"  (2 holes)
    T3  1.750mm  0.0689"  (122 holes)
    T4  2.499mm  0.0984"  (2 holes)  (with 2 slots)
    T5  2.500mm  0.0984"  (1 hole)  (with 1 slot)
    T6  3.000mm  0.1181"  (122 holes)
    T7  3.050mm  0.1201"  (10 holes)
    T8  4.000mm  0.1575"  (71 holes)

    Total unplated holes count 332
